<?xml version="1.0"?>
<?xml-stylesheet type="text/xsl" href="http://check.sourceforge.net/xml/check_unittest.xslt"?>
<testsuites xmlns="http://check.sourceforge.net/ns">
  <datetime>2018-01-02 11:17:07</datetime>
  <suite>
    <title>Config</title>
    <test result="success">
      <path>.</path>
      <fn>check_config.c:11</fn>
      <id>test_pb_config_new</id>
      <iteration>0</iteration>
      <duration>0.000014</duration>
      <description>Core</description>
      <message>Passed</message>
    </test>
    <test result="success">
      <path>.</path>
      <fn>check_config.c:33</fn>
      <id>test_pb_config_ref_unref</id>
      <iteration>0</iteration>
      <duration>0.000017</duration>
      <description>Core</description>
      <message>Passed</message>
    </test>
    <test result="success">
      <path>.</path>
      <fn>check_config.c:53</fn>
      <id>test_pb_config_https_proxy</id>
      <iteration>0</iteration>
      <duration>0.000022</duration>
      <description>Core</description>
      <message>Passed</message>
    </test>
    <test result="success">
      <path>.</path>
      <fn>check_config.c:74</fn>
      <id>test_pb_config_timeout</id>
      <iteration>0</iteration>
      <duration>0.000023</duration>
      <description>Core</description>
      <message>Passed</message>
    </test>
    <test result="success">
      <path>.</path>
      <fn>check_config.c:96</fn>
      <id>test_pb_config_token_key</id>
      <iteration>0</iteration>
      <duration>0.000023</duration>
      <description>Core</description>
      <message>Passed</message>
    </test>
    <test result="success">
      <path>.</path>
      <fn>check_config.c:182</fn>
      <id>test_pb_config_from_json_file</id>
      <iteration>0</iteration>
      <duration>0.000524</duration>
      <description>Core</description>
      <message>Passed</message>
    </test>
  </suite>
  <duration>0.005877</duration>
</testsuites>
